~/workspace$ rm "attached_assets/Pasted--INFO-app-Email-from-Obed-TBN-tbnobed-gmail-com-subject-Hello-who-can-help-me-to-help-mail2-1752614471335_1752614471336.txt"
rm: cannot remove 'attached_assets/Pasted--INFO-app-Email-from-Obed-TBN-tbnobed-gmail-com-subject-Hello-who-can-help-me-to-help-mail2-1752614471335_1752614471336.txt': No such file or directory
~/workspace$ git add .
~/workspace$ git commit -m "remove log file with sensitive info"
On branch main
Your branch is ahead of 'origin/main' by 4 commits.
  (use "git push" to publish your local commits)

nothing to commit, working tree clean
~/workspace$ git push origin main --force
Enumerating objects: 23, done.
Counting objects: 100% (23/23), done.
Delta compression using up to 8 threads
Compressing objects: 100% (18/18), done.
Writing objects: 100% (18/18), 73.92 KiB | 24.64 MiB/s, done.
Total 18 (delta 14), reused 0 (delta 0), pack-reused 0 (from 0)
remote: Resolving deltas: 100% (14/14), completed with 5 local objects.
remote: error: GH013: Repository rule violations found for refs/heads/main.
remote: 
remote: - GITHUB PUSH PROTECTION
remote:   —————————————————————————————————————————
remote:     Resolve the following violations before pushing again
remote: 
remote:     - Push cannot contain secrets
remote: 
remote:     
remote:      (?) Learn how to resolve a blocked push
remote:      https://docs.github.com/code-security/secret-scanning/working-with-secret-scanning-and-push-protection/working-with-push-protection-from-the-command-line#resolving-a-blocked-push
remote:     
remote:     
remote:       —— SendGrid API Key ——————————————————————————————————
remote:        locations:
remote:          - commit: edd720067ada5b0c43c1402c9e9c63d426f7051e
remote:            path: attached_assets/Pasted--INFO-app-Email-from-Obed-TBN-tbnobed-gmail-com-subject-Hello-who-can-help-me-to-help-mail2-1752614471335_1752614471336.txt:36
remote:     
remote:        (?) To push, remove secret from commit(s) or follow this URL to allow the secret.
remote:        https://github.com/tbnobed/engsched/security/secret-scanning/unblock-secret/2zvk5Gc6mmHBtbT83fiCgkRkGhq
remote:     
remote: 
remote: 
To https://github.com/tbnobed/engsched.git
 ! [remote rejected] main -> main (push declined due to repository rule violations)
error: failed to push some refs to 'https://github.com/tbnobed/engsched.git'
~/workspace$ 
